{"tagName": "div", "children": [null, {"tagName": "div", "attributes": {"style": {"display": "none"}}, "key": "page-content", "children": [[]]}]}