{"tagName": "img", "attributes": {"src": "none", "className": "d-inline-block align-top", "style": {"padding": 0, "height": "30px", "border-radius": "50%", "background": "none"}}}